{
    "resources": [
        {
            "name": "axes_orientation",
            "type": "table",
            "path": "axes_orientation.csv",
            "scheme": "file",
            "format": "csv",
            "mediatype": "text/csv",
            "encoding": "utf-8",
            "schema": {
                "fields": [
                    {
                        "name": "t",
                        "type": "number",
                        "unit": "s"
                    },
                    {
                        "name": "E",
                        "type": "number",
                        "unit": "V",
                        "reference": "RHE"
                    },
                    {
                        "name": "j",
                        "type": "number",
                        "unit": "A / m2"
                    }
                ]
            },
            "metadata": {
                "echemdb": {
                    "experimental": {
                        "tags": []
                    },
                    "source": {
                        "figure": "1a",
                        "curve": "Pt(111)_ph_1,2_KPF6"
                    },
                    "figure description": {
                        "type": "digitized",
                        "simultaneous measurements": [],
                        "measurement type": "CV",
                        "fields": [
                            {
                                "name": "E",
                                "type": "number",
                                "unit": "V",
                                "orientation": "horizontal",
                                "reference": "RHE"
                            },
                            {
                                "name": "j",
                                "type": "number",
                                "unit": "uA / cm2",
                                "orientation": "vertical"
                            }
                        ],
                        "comment": "Working solutions of the pH-series with values lower than 3 were prepared by using HClO4 and KClO4. For pH values ranging from 3 to 9, phosphate buffer solutions were employed (Na2HPO4 and NaH2PO4). Alkaline solutions were prepared with NaOH and KClO4. The exact concentrations of these components are unkown.",
                        "scan rate": {
                            "value": 50.0,
                            "unit": "mV / s"
                        }
                    }
                }
            }
        }
    ]
}
