{
    "resources": [
        {
            "name": "xy_rate_reference",
            "type": "table",
            "path": "xy_rate_reference.csv",
            "scheme": "file",
            "format": "csv",
            "mediatype": "text/csv",
            "encoding": "utf-8",
            "schema": {
                "fields": [
                    {
                        "name": "t",
                        "type": "number",
                        "unit": "s"
                    },
                    {
                        "name": "E",
                        "type": "number",
                        "unit": "V",
                        "reference": "RHE"
                    },
                    {
                        "name": "j",
                        "type": "number",
                        "unit": "A / m2"
                    }
                ]
            },
            "metadata": {
                "echemdb": {
                    "version": "1",
                    "source": {
                        "doi": "https://doi.org/10.1016/0039-6028(85)90985-9",
                        "bib": "Beden_1985_Voltammetric_833",
                        "figure": "2b",
                        "curve": "label"
                    },
                    "curator": {
                        "name": "Albert Engstfeld",
                        "orcid": "https://orcid.org/0000-0002-9686-3948",
                        "digitized": "2021-06-01"
                    },
                    "electrochemicalSystem": {
                        "electrolyte": {
                            "type": "aq",
                            "components": [
                                {
                                    "name": "NaCl",
                                    "sumFormula": "NaCl",
                                    "concentration": {
                                        "value": 0.1,
                                        "unit": "M"
                                    },
                                    "type": "salt",
                                    "source": {
                                        "supplier": null,
                                        "LOT": null
                                    }
                                },
                                {
                                    "name": "water",
                                    "sumFormula": "H2O",
                                    "type": "solvent",
                                    "proportion": {
                                        "value": 50,
                                        "unit": "volume percent"
                                    },
                                    "source": {
                                        "refinement": "Sartorius Arium 611UV",
                                        "quality": "ultrapure water",
                                        "totalOrganicCarbon": {
                                            "value": 3,
                                            "unit": "ppb"
                                        }
                                    }
                                },
                                {
                                    "name": "ethanol",
                                    "sumFormula": "EtOH",
                                    "type": "solvent",
                                    "proportion": {
                                        "value": 50,
                                        "unit": "volume percent"
                                    }
                                },
                                {
                                    "name": "sulfuric acid",
                                    "sumFormula": "H2SO4",
                                    "type": "acid",
                                    "source": {
                                        "supplier": null,
                                        "LOT": null
                                    },
                                    "concentration": {
                                        "value": 0.1,
                                        "unit": "M"
                                    }
                                }
                            ],
                            "ph": {
                                "value": 13,
                                "uncertainty": 0.1
                            },
                            "temperature": {
                                "value": 298.15,
                                "unit": "K"
                            }
                        },
                        "electrodes": {
                            "configuration": "three",
                            "referenceElectrode": {
                                "type": "RHE",
                                "source": {
                                    "supplier": "SI Analytics"
                                }
                            },
                            "counterElectrode": {
                                "material": "Pt",
                                "crystallographicOrientation": "poly",
                                "shape": "wire"
                            },
                            "workingElectrode": {
                                "material": "Ni",
                                "crystallographicOrientation": 111,
                                "source": {
                                    "supplier": null,
                                    "LOT": null
                                },
                                "shape": {
                                    "type": "cylinder",
                                    "height": {
                                        "value": 4,
                                        "unit": "mm"
                                    },
                                    "diameter": {
                                        "value": 4,
                                        "unit": "mm"
                                    }
                                },
                                "geometricElectrolyteContactArea": {
                                    "value": null,
                                    "unit": "cm-2"
                                },
                                "preparationProcedure": null
                            }
                        }
                    },
                    "experimental": {
                        "tags": []
                    },
                    "figureDescription": {
                        "type": "digitized",
                        "simultaneousMeasurements": [],
                        "measurementType": "CV",
                        "fields": [
                            {
                                "name": "E",
                                "type": "number",
                                "unit": "V",
                                "orientation": "horizontal",
                                "reference": "RHE"
                            },
                            {
                                "name": "j",
                                "type": "number",
                                "unit": "uA cm-2",
                                "orientation": "vertical"
                            }
                        ],
                        "comment": "",
                        "scanRate": {
                            "value": 50.0,
                            "unit": "mV / s"
                        }
                    }
                }
            }
        }
    ]
}
